// Vitest Snapshot v1

exports[`subheading > should render children 1`] = `
<div>
  <div
    class="flex items-center justify-between"
  >
    <h2
      class="text-2xl font-bold leading-10 tracking-tight sm:text-4xl sm:leading-none lg:text-3xl"
    >
      Hello
    </h2>
    <div>
      should be rendered
    </div>
  </div>
</div>
`;
