// Vitest Snapshot v1

exports[`navigation > should render correctly 1`] = `
<nav
  class="flex h-full items-center justify-end"
>
  <a
    class="inline-flex items-center pr-6 last:pr-0"
    href="/one"
  >
    One
  </a>
  <a
    class="inline-flex items-center pr-6 last:pr-0"
    href="/two"
  >
    Two
  </a>
</nav>
`;
