// Vitest Snapshot v1

exports[`header > should render 1`] = `
<header
  class="sticky top-0 z-10 h-20 border-b border-gray-200 bg-white dark:border-gray-700 dark:bg-gray-900"
>
  <div
    class="mx-auto grid h-full grid-cols-2 px-4 lg:max-w-6xl lg:px-10"
  >
    <a
      class="inline-flex items-center text-3xl font-extrabold tracking-tight"
      href="/"
    >
      <span
        class="bg-gradient-to-r from-orange-500 to-rose-500 bg-clip-text text-transparent"
      >
        PalletPals
      </span>
    </a>
    <div
      class="flex justify-end"
    >
      <nav
        class="flex h-full items-center justify-end"
      >
        <a
          class="inline-flex items-center pr-6 last:pr-0"
          href="/first"
        >
          First
        </a>
        <a
          class="inline-flex items-center pr-6 last:pr-0"
          href="/second"
        >
          Second
        </a>
      </nav>
      <div
        class="ml-4 flex items-center space-x-2"
      >
        <div
          class="relative w-28"
        >
          <button
            aria-expanded="false"
            aria-haspopup="true"
            class="relative w-full cursor-default border border-transparent bg-white py-2 pl-3 pr-10 text-left hover:border-gray-300 focus:border-orange-500 focus:outline-none focus:ring-1 focus:ring-orange-500 dark:bg-gray-900 dark:hover:border-gray-700 sm:text-sm"
            id="headlessui-listbox-button-1"
            type="button"
          >
            <span
              class="block truncate uppercase"
            >
              System
            </span>
            <span
              class="pointer-events-none absolute inset-y-0 right-0 flex items-center pr-2"
            >
              <svg
                aria-hidden="true"
                class="h-5 w-5 text-gray-400"
                fill="currentColor"
                viewBox="0 0 20 20"
                xmlns="http://www.w3.org/2000/svg"
              >
                <path
                  clip-rule="evenodd"
                  d="M10 3a1 1 0 01.707.293l3 3a1 1 0 01-1.414 1.414L10 5.414 7.707 7.707a1 1 0 01-1.414-1.414l3-3A1 1 0 0110 3zm-3.707 9.293a1 1 0 011.414 0L10 14.586l2.293-2.293a1 1 0 011.414 1.414l-3 3a1 1 0 01-1.414 0l-3-3a1 1 0 010-1.414z"
                  fill-rule="evenodd"
                />
              </svg>
            </span>
          </button>
        </div>
        <div
          class="relative"
        >
          <button
            aria-expanded="false"
            aria-haspopup="true"
            class="relative w-full cursor-default border border-transparent bg-white py-2 pl-3 pr-10 text-left hover:border-gray-300 focus:border-orange-500 focus:outline-none focus:ring-1 focus:ring-orange-500 dark:bg-gray-900 dark:hover:border-gray-700 sm:text-sm"
            id="headlessui-listbox-button-2"
            type="button"
          >
            <span
              class="block truncate uppercase"
            >
              en
            </span>
            <span
              class="pointer-events-none absolute inset-y-0 right-0 flex items-center pr-2"
            >
              <svg
                aria-hidden="true"
                class="h-5 w-5 text-gray-400"
                fill="currentColor"
                viewBox="0 0 20 20"
                xmlns="http://www.w3.org/2000/svg"
              >
                <path
                  clip-rule="evenodd"
                  d="M10 3a1 1 0 01.707.293l3 3a1 1 0 01-1.414 1.414L10 5.414 7.707 7.707a1 1 0 01-1.414-1.414l3-3A1 1 0 0110 3zm-3.707 9.293a1 1 0 011.414 0L10 14.586l2.293-2.293a1 1 0 011.414 1.414l-3 3a1 1 0 01-1.414 0l-3-3a1 1 0 010-1.414z"
                  fill-rule="evenodd"
                />
              </svg>
            </span>
          </button>
        </div>
      </div>
    </div>
  </div>
</header>
`;
