// Vitest Snapshot v1

exports[`main > should render with html content 1`] = `
<main
  class="mx-auto py-12 px-4 lg:max-w-6xl lg:px-10"
>
  <div>
    Inside a div
  </div>
</main>
`;
