// Vitest Snapshot v1

exports[`table > should not render children 1`] = `null`;

exports[`table > should render 1`] = `
<table
  class="min-w-full "
>
  <tbody
    class="divide-y divide-gray-200 dark:divide-gray-700"
  >
    <tr
      class="divide-x divide-gray-200 dark:divide-gray-700"
    >
      <td
        class="whitespace-nowrap py-4 pl-4 pr-4 text-sm font-medium text-gray-900 dark:text-gray-100 sm:pl-6"
      >
        First
      </td>
      <td
        class="whitespace-nowrap py-4 pl-4 pr-4 text-sm text-gray-500 dark:text-gray-300  sm:pr-6"
      >
        10
      </td>
    </tr>
    <tr
      class="divide-x divide-gray-200 dark:divide-gray-700"
    >
      <td
        class="whitespace-nowrap py-4 pl-4 pr-4 text-sm font-medium text-gray-900 dark:text-gray-100 sm:pl-6"
      >
        Second
      </td>
      <td
        class="whitespace-nowrap py-4 pl-4 pr-4 text-sm text-gray-500 dark:text-gray-300  sm:pr-6"
      >
        Something
      </td>
    </tr>
  </tbody>
</table>
`;

exports[`table > should render with no rows 1`] = `null`;
